##JDK
openjdk-17-jdk-headless
#Security related
clamav
clamav-daemon
clamtk
ufw
acl
#Disabled squid-deb-proxy
sudo
##Common
dirmngr
vim
unzip
nano
parallel
wget
locales
bzip2
locate
libnss-wrapper 
gettext
##Mysql
libaio1 
libaio-dev
numactl
mysql-workbench
##For ClamAV scan script: kdialog inotify-tools 
inotify-tools
##Dev tools
gradle
maven
curl
#used for websockify/novnc (Python 3; python-numpy / Python 2 is EOL)
python3-numpy
##Source control
mercurial
subversion
git
##Browser
# Firefox is installed from Mozilla's signed APT repo (see install/firefox.sh);
# the Ubuntu 22.04 'firefox'/'chromium-browser' apt packages are snap shims
# that do not work inside a container. Google Chrome is installed in the final
# Dockerfile from Google's signed APT repo.
##Fonts
ttf-wqy-zenhei
##NPM
npm
#Hardening
debsums
lynis
aide
unattended-upgrades
#Utilities
file-roller
rsync
desktop-file-utils
mime-support

